-- sample/in/case1.yaml --
num_key: 101
string_key: "string value 101"
bool_key: true
object_key:
  key1: 201
  key2: "string value 201"
array_key:
  - key3: 301
    key4: "string value 301"
  - key3: 401
    key4: "string value 401"
-- sample/in/case2.yaml --
num_key: 102
string_key: "string value 201\nmultiline"
object_key:
  key1: 202
  key2: ""
-- sample/in/case3.yaml --
num_key: 103
bool_key: false
array_key:
  - key3: 303
    key4: "string value \"303\""
-- sample/in/case4.yaml --
num_key: null
string_key: null
bool_key: null
object_key: null
array_key: null
-- sample/want/case1.yaml --
status: "success"
code: 200
-- sample/want/case2.yaml --
status: "failure"
code: 401
-- sample/want/case3.yaml --
status: "failure"
code: 404
-- sample/want/case4.yaml --
status: "failure"
code: 500
